exit=1
TAP version 13
# Subtest: pagination totals
not ok 1 - pagination totals
  ---
  duration_ms: 0.722389
  type: 'test'
  location: '/home/kwad77/ai-test-harness/exemplars/EX-07-bugfix/workspace/paginate.test.mjs:8:1'
  failureType: 'testCodeFailure'
  error: |-
    every item appears on some page
    
    9 !== 10
    
  code: 'ERR_ASSERTION'
  name: 'AssertionError'
  expected: 10
  actual: 9
  operator: 'strictEqual'
  stack: |-
    TestContext.<anonymous> (file:///home/kwad77/ai-test-harness/exemplars/EX-07-bugfix/workspace/paginate.test.mjs:11:10)
    Test.runInAsyncScope (node:async_hooks:214:14)
    Test.run (node:internal/test_runner/test:1047:25)
    Test.start (node:internal/test_runner/test:944:17)
    startSubtestAfterBootstrap (node:internal/test_runner/harness:296:17)
  ...
# Subtest: exact multiple has no empty trailing page
ok 2 - exact multiple has no empty trailing page
  ---
  duration_ms: 0.325442
  type: 'test'
  ...
# Subtest: empty input yields no pages
ok 3 - empty input yields no pages
  ---
  duration_ms: 0.053248
  type: 'test'
  ...
1..3
# tests 3
# suites 0
# pass 2
# fail 1
# cancelled 0
# skipped 0
# todo 0
# duration_ms 37.377117
