exit=0
TAP version 13
# Subtest: pagination totals
ok 1 - pagination totals
  ---
  duration_ms: 0.619428
  type: 'test'
  ...
# Subtest: exact multiple has no empty trailing page
ok 2 - exact multiple has no empty trailing page
  ---
  duration_ms: 0.060288
  type: 'test'
  ...
# Subtest: empty input yields no pages
ok 3 - empty input yields no pages
  ---
  duration_ms: 0.048
  type: 'test'
  ...
1..3
# tests 3
# suites 0
# pass 3
# fail 0
# cancelled 0
# skipped 0
# todo 0
# duration_ms 30.879076
